[2026-07-18 14:23:53] AppEnvironment.observeAuthState started
[2026-07-18 14:23:53] AppEnvironment.observeAuthState: received profile update: Vinay23.Rao (61B261B0-373E-461D-AADE-9C6E53D03D45)
[2026-07-18 14:23:57] CityViewModel.load started for cityID: C1000001-0000-0000-0000-000000000001
[2026-07-18 14:23:57] CityViewModel.load: currentUser is authenticated: Vinay23.Rao (61B261B0-373E-461D-AADE-9C6E53D03D45)
[2026-07-18 14:23:58] CityViewModel.load: successfully fetched 0 user experiences
[2026-07-18 14:23:58] CityViewModel.load completed successfully, phase set to loaded
[2026-07-18 14:29:04] AppEnvironment.observeAuthState started
[2026-07-18 14:29:05] AppEnvironment.observeAuthState: received profile update: Vinay23.Rao (61B261B0-373E-461D-AADE-9C6E53D03D45)
[2026-07-18 14:29:07] CityViewModel.load started for cityID: C1000001-0000-0000-0000-000000000001
[2026-07-18 14:29:07] CityViewModel.load completed successfully, phase set to loaded
[2026-07-18 14:31:18] AppEnvironment.observeAuthState started
[2026-07-18 14:31:19] AppEnvironment.observeAuthState: received profile update: Vinay23.Rao (61B261B0-373E-461D-AADE-9C6E53D03D45)
[2026-07-18 14:31:27] CityViewModel.load started for cityID: C1000001-0000-0000-0000-000000000001
[2026-07-18 14:31:27] CityViewModel.load completed successfully, phase set to loaded
[2026-07-18 14:31:58] CityViewModel.load started for cityID: C1000002-0000-0000-0000-000000000002
[2026-07-18 14:31:58] CityViewModel.load completed successfully, phase set to loaded
[2026-07-18 14:33:46] AppEnvironment.observeAuthState started
[2026-07-18 14:33:47] AppEnvironment.observeAuthState: received profile update: Vinay23.Rao (61B261B0-373E-461D-AADE-9C6E53D03D45)
[2026-07-18 14:33:49] CityViewModel.load started for cityID: C1000001-0000-0000-0000-000000000001
[2026-07-18 14:33:49] CityViewModel.load completed successfully, phase set to loaded
[2026-07-18 14:35:44] AppEnvironment.observeAuthState started
[2026-07-18 14:35:45] AppEnvironment.observeAuthState: received profile update: Vinay23.Rao (61B261B0-373E-461D-AADE-9C6E53D03D45)
[2026-07-18 14:36:00] CityViewModel.load started for cityID: C1000001-0000-0000-0000-000000000001
[2026-07-18 14:36:00] CityViewModel.load completed successfully, phase set to loaded
[2026-07-18 14:38:37] AppEnvironment.observeAuthState started
[2026-07-18 14:38:38] AppEnvironment.observeAuthState: received profile update: Vinay23.Rao (61B261B0-373E-461D-AADE-9C6E53D03D45)
[2026-07-18 14:38:41] CityViewModel.load started for cityID: C1000001-0000-0000-0000-000000000001
[2026-07-18 14:38:41] CityViewModel.load completed successfully, phase set to loaded
[2026-07-18 14:40:54] AppEnvironment.observeAuthState started
[2026-07-18 14:40:55] AppEnvironment.observeAuthState: received profile update: Vinay23.Rao (61B261B0-373E-461D-AADE-9C6E53D03D45)
[2026-07-18 14:41:01] CityViewModel.load started for cityID: C1000001-0000-0000-0000-000000000001
[2026-07-18 14:41:01] SupabaseExperienceRepository.fetchCityFeed started for cityID: C1000001-0000-0000-0000-000000000001
[2026-07-18 14:41:01] SupabaseExperienceRepository.fetchCityFeed: resolved cityName: San Francisco
[2026-07-18 14:41:01] SupabaseExperienceRepository.fetchCityFeed: query returned 0 rows
[2026-07-18 14:41:01] CityViewModel.load completed successfully, phase set to loaded
[2026-07-18 14:43:21] AppEnvironment.observeAuthState started
[2026-07-18 14:43:22] AppEnvironment.observeAuthState: received profile update: Vinay23.Rao (61B261B0-373E-461D-AADE-9C6E53D03D45)
[2026-07-18 14:43:25] CityViewModel.load started for cityID: C1000001-0000-0000-0000-000000000001
[2026-07-18 14:43:25] SupabaseExperienceRepository.fetchCityFeed started for cityID: C1000001-0000-0000-0000-000000000001
[2026-07-18 14:43:25] SupabaseExperienceRepository.fetchCityFeed: resolved cityName: San Francisco
[2026-07-18 14:43:25] SupabaseExperienceRepository.fetchCityFeed: query returned 0 rows
[2026-07-18 14:43:25] CityViewModel.load completed successfully, phase set to loaded
[2026-07-18 14:43:34] CityViewModel.load started for cityID: C1000003-0000-0000-0000-000000000003
[2026-07-18 14:43:34] SupabaseExperienceRepository.fetchCityFeed started for cityID: C1000003-0000-0000-0000-000000000003
[2026-07-18 14:43:34] SupabaseExperienceRepository.fetchCityFeed: resolved cityName: Paris
[2026-07-18 14:43:34] SupabaseExperienceRepository.fetchCityFeed: query returned 0 rows
[2026-07-18 14:43:34] CityViewModel.load completed successfully, phase set to loaded
[2026-07-18 14:43:45] CityViewModel.load started for cityID: C1000001-0000-0000-0000-000000000001
[2026-07-18 14:43:45] SupabaseExperienceRepository.fetchCityFeed started for cityID: C1000001-0000-0000-0000-000000000001
[2026-07-18 14:43:45] SupabaseExperienceRepository.fetchCityFeed: resolved cityName: San Francisco
[2026-07-18 14:43:45] SupabaseExperienceRepository.fetchCityFeed: query returned 0 rows
[2026-07-18 14:43:45] CityViewModel.load completed successfully, phase set to loaded
[2026-07-18 14:45:59] AppEnvironment.observeAuthState started
[2026-07-18 14:45:59] AppEnvironment.observeAuthState: received profile update: Vinay23.Rao (61B261B0-373E-461D-AADE-9C6E53D03D45)
[2026-07-18 14:46:02] CityViewModel.load started for cityID: C1000001-0000-0000-0000-000000000001
[2026-07-18 14:46:02] SupabaseExperienceRepository.fetchCityFeed started for cityID: C1000001-0000-0000-0000-000000000001
[2026-07-18 14:46:02] SupabaseExperienceRepository.fetchCityFeed: resolved cityName: San Francisco
[2026-07-18 14:46:02] SupabaseExperienceRepository.fetchCityFeed: query returned 0 rows
[2026-07-18 14:46:02] CityViewModel.load completed successfully, phase set to loaded
[2026-07-18 14:46:16] CityViewModel.load started for cityID: C1000004-0000-0000-0000-000000000004
[2026-07-18 14:46:16] SupabaseExperienceRepository.fetchCityFeed started for cityID: C1000004-0000-0000-0000-000000000004
[2026-07-18 14:46:16] SupabaseExperienceRepository.fetchCityFeed: resolved cityName: New York
[2026-07-18 14:46:17] SupabaseExperienceRepository.fetchCityFeed: query returned 0 rows
[2026-07-18 14:46:17] CityViewModel.load completed successfully, phase set to loaded
[2026-07-18 14:46:20] CityViewModel.load started for cityID: C1000003-0000-0000-0000-000000000003
[2026-07-18 14:46:20] SupabaseExperienceRepository.fetchCityFeed started for cityID: C1000003-0000-0000-0000-000000000003
[2026-07-18 14:46:20] SupabaseExperienceRepository.fetchCityFeed: resolved cityName: Paris
[2026-07-18 14:46:21] SupabaseExperienceRepository.fetchCityFeed: query returned 0 rows
[2026-07-18 14:46:21] CityViewModel.load completed successfully, phase set to loaded
[2026-07-18 15:01:40] AppEnvironment.observeAuthState started
[2026-07-18 15:01:41] AppEnvironment.observeAuthState: received profile update: Vinay23.Rao (61B261B0-373E-461D-AADE-9C6E53D03D45)
[2026-07-18 15:01:46] CityViewModel.load started for cityID: C1000001-0000-0000-0000-000000000001
[2026-07-18 15:01:46] SupabaseExperienceRepository.fetchCityFeed started for cityID: C1000001-0000-0000-0000-000000000001
[2026-07-18 15:01:46] SupabaseExperienceRepository.fetchCityFeed: resolved cityName: San Francisco
[2026-07-18 15:01:46] SupabaseExperienceRepository.fetchCityFeed: query returned 0 rows
[2026-07-18 15:01:46] CityViewModel.load completed successfully, phase set to loaded
[2026-07-18 15:04:31] AppEnvironment.observeAuthState started
[2026-07-18 15:04:32] AppEnvironment.observeAuthState: received profile update: Vinay23.Rao (61B261B0-373E-461D-AADE-9C6E53D03D45)
[2026-07-18 15:10:44] AppEnvironment.observeAuthState started
[2026-07-18 15:10:45] AppEnvironment.observeAuthState: received profile update: Vinay23.Rao (61B261B0-373E-461D-AADE-9C6E53D03D45)
[2026-07-18 15:13:25] AppEnvironment.observeAuthState started
[2026-07-18 15:13:26] AppEnvironment.observeAuthState: received profile update: Vinay23.Rao (61B261B0-373E-461D-AADE-9C6E53D03D45)
[2026-07-18 15:17:12] AppEnvironment.observeAuthState started
[2026-07-18 15:17:12] AppEnvironment.observeAuthState: received profile update: Vinay23.Rao (61B261B0-373E-461D-AADE-9C6E53D03D45)
[2026-07-18 15:18:44] AppEnvironment.observeAuthState: received profile update: Vinay23.Rao (61B261B0-373E-461D-AADE-9C6E53D03D45)
[2026-07-18 15:22:05] AppEnvironment.observeAuthState started
[2026-07-18 15:22:07] AppEnvironment.observeAuthState: received profile update: Vinay23.Rao (61B261B0-373E-461D-AADE-9C6E53D03D45)
[2026-07-18 15:34:42] AppEnvironment.observeAuthState started
[2026-07-18 15:34:43] AppEnvironment.observeAuthState: received profile update: Vinay23.Rao (61B261B0-373E-461D-AADE-9C6E53D03D45)
[2026-07-18 15:40:28] AppEnvironment.observeAuthState started
[2026-07-18 15:40:28] AppEnvironment.observeAuthState: received profile update: Vinay23.Rao (61B261B0-373E-461D-AADE-9C6E53D03D45)
[2026-07-18 15:46:38] AppEnvironment.observeAuthState started
[2026-07-18 15:46:39] AppEnvironment.observeAuthState: received profile update: Vinay23.Rao (61B261B0-373E-461D-AADE-9C6E53D03D45)
[2026-07-18 16:17:11] AppEnvironment.observeAuthState: received profile update: Vinay23.Rao (61B261B0-373E-461D-AADE-9C6E53D03D45)
[2026-07-18 17:15:14] AppEnvironment.observeAuthState: received profile update: Vinay23.Rao (61B261B0-373E-461D-AADE-9C6E53D03D45)
[2026-07-18 18:13:17] AppEnvironment.observeAuthState: received profile update: Vinay23.Rao (61B261B0-373E-461D-AADE-9C6E53D03D45)
[2026-07-18 19:12:15] AppEnvironment.observeAuthState: received profile update: Vinay23.Rao (61B261B0-373E-461D-AADE-9C6E53D03D45)
[2026-07-18 20:11:53] AppEnvironment.observeAuthState: received profile update: Vinay23.Rao (61B261B0-373E-461D-AADE-9C6E53D03D45)
[2026-07-18 21:18:00] AppEnvironment.observeAuthState: received profile update: Vinay23.Rao (61B261B0-373E-461D-AADE-9C6E53D03D45)
[2026-07-18 22:17:16] AppEnvironment.observeAuthState: received profile update: Vinay23.Rao (61B261B0-373E-461D-AADE-9C6E53D03D45)
[2026-07-18 23:21:44] AppEnvironment.observeAuthState: received profile update: Vinay23.Rao (61B261B0-373E-461D-AADE-9C6E53D03D45)
[2026-07-19 00:20:03] AppEnvironment.observeAuthState: received profile update: Vinay23.Rao (61B261B0-373E-461D-AADE-9C6E53D03D45)
[2026-07-19 01:20:03] AppEnvironment.observeAuthState: received profile update: Vinay23.Rao (61B261B0-373E-461D-AADE-9C6E53D03D45)
[2026-07-19 02:18:23] AppEnvironment.observeAuthState: received profile update: Vinay23.Rao (61B261B0-373E-461D-AADE-9C6E53D03D45)
[2026-07-19 03:31:26] AppEnvironment.observeAuthState: received profile update: Vinay23.Rao (61B261B0-373E-461D-AADE-9C6E53D03D45)
[2026-07-19 04:29:35] AppEnvironment.observeAuthState: received profile update: Vinay23.Rao (61B261B0-373E-461D-AADE-9C6E53D03D45)
[2026-07-19 05:31:44] AppEnvironment.observeAuthState: received profile update: Vinay23.Rao (61B261B0-373E-461D-AADE-9C6E53D03D45)
[2026-07-19 06:34:18] AppEnvironment.observeAuthState: received profile update: Vinay23.Rao (61B261B0-373E-461D-AADE-9C6E53D03D45)
[2026-07-19 07:34:26] AppEnvironment.observeAuthState: received profile update: Vinay23.Rao (61B261B0-373E-461D-AADE-9C6E53D03D45)
[2026-07-19 08:33:24] AppEnvironment.observeAuthState: received profile update: Vinay23.Rao (61B261B0-373E-461D-AADE-9C6E53D03D45)
[2026-07-19 09:38:56] AppEnvironment.observeAuthState: received profile update: Vinay23.Rao (61B261B0-373E-461D-AADE-9C6E53D03D45)
[2026-07-19 10:38:05] AppEnvironment.observeAuthState: received profile update: Vinay23.Rao (61B261B0-373E-461D-AADE-9C6E53D03D45)
[2026-07-19 11:36:14] AppEnvironment.observeAuthState: received profile update: Vinay23.Rao (61B261B0-373E-461D-AADE-9C6E53D03D45)
[2026-07-19 12:34:43] AppEnvironment.observeAuthState: received profile update: Vinay23.Rao (61B261B0-373E-461D-AADE-9C6E53D03D45)
[2026-07-19 13:37:40] AppEnvironment.observeAuthState: received profile update: Vinay23.Rao (61B261B0-373E-461D-AADE-9C6E53D03D45)
[2026-07-19 14:35:51] AppEnvironment.observeAuthState: received profile update: Vinay23.Rao (61B261B0-373E-461D-AADE-9C6E53D03D45)
[2026-07-19 15:35:33] AppEnvironment.observeAuthState: received profile update: Vinay23.Rao (61B261B0-373E-461D-AADE-9C6E53D03D45)
[2026-07-19 16:46:02] AppEnvironment.observeAuthState: received profile update: Vinay23.Rao (61B261B0-373E-461D-AADE-9C6E53D03D45)
[2026-07-19 17:44:28] AppEnvironment.observeAuthState: received profile update: Vinay23.Rao (61B261B0-373E-461D-AADE-9C6E53D03D45)
[2026-07-19 18:43:52] AppEnvironment.observeAuthState: received profile update: Vinay23.Rao (61B261B0-373E-461D-AADE-9C6E53D03D45)
[2026-07-19 19:42:03] AppEnvironment.observeAuthState: received profile update: Vinay23.Rao (61B261B0-373E-461D-AADE-9C6E53D03D45)
[2026-07-19 20:46:52] AppEnvironment.observeAuthState: received profile update: Vinay23.Rao (61B261B0-373E-461D-AADE-9C6E53D03D45)
[2026-07-19 21:55:54] AppEnvironment.observeAuthState: received profile update: Vinay23.Rao (61B261B0-373E-461D-AADE-9C6E53D03D45)
[2026-07-19 22:56:54] AppEnvironment.observeAuthState: received profile update: Vinay23.Rao (61B261B0-373E-461D-AADE-9C6E53D03D45)
[2026-07-19 23:55:46] AppEnvironment.observeAuthState: received profile update: Vinay23.Rao (61B261B0-373E-461D-AADE-9C6E53D03D45)
[2026-07-20 01:03:36] AppEnvironment.observeAuthState: received profile update: Vinay23.Rao (61B261B0-373E-461D-AADE-9C6E53D03D45)
[2026-07-20 02:15:44] AppEnvironment.observeAuthState: received profile update: Vinay23.Rao (61B261B0-373E-461D-AADE-9C6E53D03D45)
[2026-07-20 03:16:01] AppEnvironment.observeAuthState: received profile update: Vinay23.Rao (61B261B0-373E-461D-AADE-9C6E53D03D45)
[2026-07-20 04:16:29] AppEnvironment.observeAuthState: received profile update: Vinay23.Rao (61B261B0-373E-461D-AADE-9C6E53D03D45)
[2026-07-20 05:20:41] AppEnvironment.observeAuthState: received profile update: Vinay23.Rao (61B261B0-373E-461D-AADE-9C6E53D03D45)
[2026-07-20 06:32:56] AppEnvironment.observeAuthState: received profile update: Vinay23.Rao (61B261B0-373E-461D-AADE-9C6E53D03D45)
[2026-07-20 07:33:41] AppEnvironment.observeAuthState: received profile update: Vinay23.Rao (61B261B0-373E-461D-AADE-9C6E53D03D45)
[2026-07-20 08:32:08] AppEnvironment.observeAuthState: received profile update: Vinay23.Rao (61B261B0-373E-461D-AADE-9C6E53D03D45)
[2026-07-20 09:32:53] AppEnvironment.observeAuthState: received profile update: Vinay23.Rao (61B261B0-373E-461D-AADE-9C6E53D03D45)
[2026-07-20 10:32:07] AppEnvironment.observeAuthState: received profile update: Vinay23.Rao (61B261B0-373E-461D-AADE-9C6E53D03D45)
[2026-07-20 11:36:34] AppEnvironment.observeAuthState: received profile update: Vinay23.Rao (61B261B0-373E-461D-AADE-9C6E53D03D45)
[2026-07-20 12:41:29] AppEnvironment.observeAuthState: received profile update: Vinay23.Rao (61B261B0-373E-461D-AADE-9C6E53D03D45)
[2026-07-20 13:44:09] AppEnvironment.observeAuthState: received profile update: Vinay23.Rao (61B261B0-373E-461D-AADE-9C6E53D03D45)
[2026-07-20 14:42:38] AppEnvironment.observeAuthState: received profile update: Vinay23.Rao (61B261B0-373E-461D-AADE-9C6E53D03D45)
[2026-07-20 15:40:41] AppEnvironment.observeAuthState: received profile update: Vinay23.Rao (61B261B0-373E-461D-AADE-9C6E53D03D45)
[2026-07-20 16:38:44] AppEnvironment.observeAuthState: received profile update: Vinay23.Rao (61B261B0-373E-461D-AADE-9C6E53D03D45)
[2026-07-20 17:36:57] AppEnvironment.observeAuthState: received profile update: Vinay23.Rao (61B261B0-373E-461D-AADE-9C6E53D03D45)
[2026-07-20 18:41:36] AppEnvironment.observeAuthState: received profile update: Vinay23.Rao (61B261B0-373E-461D-AADE-9C6E53D03D45)
[2026-07-20 19:47:24] AppEnvironment.observeAuthState: received profile update: Vinay23.Rao (61B261B0-373E-461D-AADE-9C6E53D03D45)
[2026-07-20 20:45:40] AppEnvironment.observeAuthState: received profile update: Vinay23.Rao (61B261B0-373E-461D-AADE-9C6E53D03D45)
[2026-07-20 21:44:10] AppEnvironment.observeAuthState: received profile update: Vinay23.Rao (61B261B0-373E-461D-AADE-9C6E53D03D45)
[2026-07-20 22:55:34] AppEnvironment.observeAuthState: received profile update: Vinay23.Rao (61B261B0-373E-461D-AADE-9C6E53D03D45)
[2026-07-20 23:54:03] AppEnvironment.observeAuthState: received profile update: Vinay23.Rao (61B261B0-373E-461D-AADE-9C6E53D03D45)
[2026-07-21 00:59:52] AppEnvironment.observeAuthState: received profile update: Vinay23.Rao (61B261B0-373E-461D-AADE-9C6E53D03D45)
[2026-07-21 02:02:14] AppEnvironment.observeAuthState: received profile update: Vinay23.Rao (61B261B0-373E-461D-AADE-9C6E53D03D45)
[2026-07-21 03:11:42] AppEnvironment.observeAuthState: received profile update: Vinay23.Rao (61B261B0-373E-461D-AADE-9C6E53D03D45)
[2026-07-21 04:09:46] AppEnvironment.observeAuthState: received profile update: Vinay23.Rao (61B261B0-373E-461D-AADE-9C6E53D03D45)
[2026-07-21 05:09:33] AppEnvironment.observeAuthState: received profile update: Vinay23.Rao (61B261B0-373E-461D-AADE-9C6E53D03D45)
[2026-07-21 06:18:19] AppEnvironment.observeAuthState: received profile update: Vinay23.Rao (61B261B0-373E-461D-AADE-9C6E53D03D45)
[2026-07-21 07:30:20] AppEnvironment.observeAuthState: received profile update: Vinay23.Rao (61B261B0-373E-461D-AADE-9C6E53D03D45)
[2026-07-21 08:41:22] AppEnvironment.observeAuthState: received profile update: Vinay23.Rao (61B261B0-373E-461D-AADE-9C6E53D03D45)
[2026-07-21 09:50:20] AppEnvironment.observeAuthState: received profile update: Vinay23.Rao (61B261B0-373E-461D-AADE-9C6E53D03D45)
[2026-07-21 10:50:23] AppEnvironment.observeAuthState: received profile update: Vinay23.Rao (61B261B0-373E-461D-AADE-9C6E53D03D45)
[2026-07-21 11:48:43] AppEnvironment.observeAuthState: received profile update: Vinay23.Rao (61B261B0-373E-461D-AADE-9C6E53D03D45)
[2026-07-21 12:50:09] AppEnvironment.observeAuthState: received profile update: Vinay23.Rao (61B261B0-373E-461D-AADE-9C6E53D03D45)
[2026-07-21 13:48:23] AppEnvironment.observeAuthState: received profile update: Vinay23.Rao (61B261B0-373E-461D-AADE-9C6E53D03D45)
[2026-07-21 14:46:35] AppEnvironment.observeAuthState: received profile update: Vinay23.Rao (61B261B0-373E-461D-AADE-9C6E53D03D45)
[2026-07-21 15:49:41] AppEnvironment.observeAuthState: received profile update: Vinay23.Rao (61B261B0-373E-461D-AADE-9C6E53D03D45)
[2026-07-21 16:57:41] AppEnvironment.observeAuthState: received profile update: Vinay23.Rao (61B261B0-373E-461D-AADE-9C6E53D03D45)
[2026-07-21 17:46:36] CityViewModel.load started for cityID: C1000001-0000-0000-0000-000000000001
[2026-07-21 17:46:36] SupabaseExperienceRepository.fetchCityFeed started for cityID: C1000001-0000-0000-0000-000000000001
[2026-07-21 17:46:36] SupabaseExperienceRepository.fetchCityFeed: resolved cityName: San Francisco
[2026-07-21 17:46:37] SupabaseExperienceRepository.fetchCityFeed: query returned 0 rows
[2026-07-21 17:46:37] CityViewModel.load completed successfully, phase set to loaded
[2026-07-21 17:47:08] CityViewModel.load started for cityID: C1000004-0000-0000-0000-000000000004
[2026-07-21 17:47:08] SupabaseExperienceRepository.fetchCityFeed started for cityID: C1000004-0000-0000-0000-000000000004
[2026-07-21 17:47:08] SupabaseExperienceRepository.fetchCityFeed: resolved cityName: New York
[2026-07-21 17:47:08] SupabaseExperienceRepository.fetchCityFeed: query returned 0 rows
[2026-07-21 17:47:08] CityViewModel.load completed successfully, phase set to loaded
[2026-07-21 17:47:16] CityViewModel.load started for cityID: C1000001-0000-0000-0000-000000000001
[2026-07-21 17:47:16] SupabaseExperienceRepository.fetchCityFeed started for cityID: C1000001-0000-0000-0000-000000000001
[2026-07-21 17:47:16] SupabaseExperienceRepository.fetchCityFeed: resolved cityName: San Francisco
[2026-07-21 17:47:16] SupabaseExperienceRepository.fetchCityFeed: query returned 0 rows
[2026-07-21 17:47:16] CityViewModel.load completed successfully, phase set to loaded
[2026-07-21 17:47:22] CityViewModel.load started for cityID: C1000002-0000-0000-0000-000000000002
[2026-07-21 17:47:22] SupabaseExperienceRepository.fetchCityFeed started for cityID: C1000002-0000-0000-0000-000000000002
[2026-07-21 17:47:22] SupabaseExperienceRepository.fetchCityFeed: resolved cityName: Tokyo
[2026-07-21 17:47:22] SupabaseExperienceRepository.fetchCityFeed: query returned 0 rows
[2026-07-21 17:47:22] CityViewModel.load completed successfully, phase set to loaded
[2026-07-21 17:47:28] CityViewModel.load started for cityID: C1000004-0000-0000-0000-000000000004
[2026-07-21 17:47:28] SupabaseExperienceRepository.fetchCityFeed started for cityID: C1000004-0000-0000-0000-000000000004
[2026-07-21 17:47:28] SupabaseExperienceRepository.fetchCityFeed: resolved cityName: New York
[2026-07-21 17:47:28] SupabaseExperienceRepository.fetchCityFeed: query returned 0 rows
[2026-07-21 17:47:28] CityViewModel.load completed successfully, phase set to loaded
[2026-07-21 17:47:33] CityViewModel.load started for cityID: C1000005-0000-0000-0000-000000000005
[2026-07-21 17:47:33] SupabaseExperienceRepository.fetchCityFeed started for cityID: C1000005-0000-0000-0000-000000000005
[2026-07-21 17:47:33] SupabaseExperienceRepository.fetchCityFeed: resolved cityName: London
[2026-07-21 17:47:33] SupabaseExperienceRepository.fetchCityFeed: query returned 0 rows
[2026-07-21 17:47:33] CityViewModel.load completed successfully, phase set to loaded
[2026-07-21 17:52:05] CityViewModel.load started for cityID: C1000004-0000-0000-0000-000000000004
[2026-07-21 17:52:05] SupabaseExperienceRepository.fetchCityFeed started for cityID: C1000004-0000-0000-0000-000000000004
[2026-07-21 17:52:05] SupabaseExperienceRepository.fetchCityFeed: resolved cityName: New York
[2026-07-21 17:52:05] SupabaseExperienceRepository.fetchCityFeed: query returned 0 rows
[2026-07-21 17:52:05] CityViewModel.load completed successfully, phase set to loaded
[2026-07-21 17:52:14] CityViewModel.load started for cityID: C1000003-0000-0000-0000-000000000003
[2026-07-21 17:52:14] SupabaseExperienceRepository.fetchCityFeed started for cityID: C1000003-0000-0000-0000-000000000003
[2026-07-21 17:52:14] SupabaseExperienceRepository.fetchCityFeed: resolved cityName: Paris
[2026-07-21 17:52:15] SupabaseExperienceRepository.fetchCityFeed: query returned 0 rows
[2026-07-21 17:52:15] CityViewModel.load completed successfully, phase set to loaded
[2026-07-21 17:52:19] CityViewModel.load started for cityID: C1000004-0000-0000-0000-000000000004
[2026-07-21 17:52:19] SupabaseExperienceRepository.fetchCityFeed started for cityID: C1000004-0000-0000-0000-000000000004
[2026-07-21 17:52:19] SupabaseExperienceRepository.fetchCityFeed: resolved cityName: New York
[2026-07-21 17:52:19] SupabaseExperienceRepository.fetchCityFeed: query returned 0 rows
[2026-07-21 17:52:19] CityViewModel.load completed successfully, phase set to loaded
[2026-07-21 17:52:29] CityViewModel.load started for cityID: C1000001-0000-0000-0000-000000000001
[2026-07-21 17:52:29] SupabaseExperienceRepository.fetchCityFeed started for cityID: C1000001-0000-0000-0000-000000000001
[2026-07-21 17:52:29] SupabaseExperienceRepository.fetchCityFeed: resolved cityName: San Francisco
[2026-07-21 17:52:29] SupabaseExperienceRepository.fetchCityFeed: query returned 0 rows
[2026-07-21 17:52:29] CityViewModel.load completed successfully, phase set to loaded
[2026-07-21 17:55:56] AppEnvironment.observeAuthState: received profile update: Vinay23.Rao (61B261B0-373E-461D-AADE-9C6E53D03D45)
[2026-07-21 17:57:38] AppEnvironment.observeAuthState started
[2026-07-21 17:57:38] AppEnvironment.observeAuthState: received profile update: Vinay23.Rao (61B261B0-373E-461D-AADE-9C6E53D03D45)
[2026-07-21 17:58:00] CityViewModel.load started for cityID: C1000001-0000-0000-0000-000000000001
[2026-07-21 17:58:00] SupabaseExperienceRepository.fetchCityFeed started for cityID: C1000001-0000-0000-0000-000000000001
[2026-07-21 17:58:00] SupabaseExperienceRepository.fetchCityFeed: resolved cityName: San Francisco
[2026-07-21 17:58:00] SupabaseExperienceRepository.fetchCityFeed: query returned 0 rows
[2026-07-21 17:58:00] CityViewModel.load completed successfully, phase set to loaded
[2026-07-21 18:01:05] AppEnvironment.observeAuthState started
[2026-07-21 18:01:05] AppEnvironment.observeAuthState: received profile update: Vinay23.Rao (61B261B0-373E-461D-AADE-9C6E53D03D45)
[2026-07-21 18:01:10] CityViewModel.load started for cityID: C1000001-0000-0000-0000-000000000001
[2026-07-21 18:01:10] SupabaseExperienceRepository.fetchCityFeed started for cityID: C1000001-0000-0000-0000-000000000001
[2026-07-21 18:01:10] SupabaseExperienceRepository.fetchCityFeed: resolved cityName: San Francisco
[2026-07-21 18:01:10] SupabaseExperienceRepository.fetchCityFeed: query returned 0 rows
[2026-07-21 18:01:10] CityViewModel.load completed successfully, phase set to loaded
[2026-07-21 18:01:17] CityViewModel.load started for cityID: C1000003-0000-0000-0000-000000000003
[2026-07-21 18:01:17] SupabaseExperienceRepository.fetchCityFeed started for cityID: C1000003-0000-0000-0000-000000000003
[2026-07-21 18:01:17] SupabaseExperienceRepository.fetchCityFeed: resolved cityName: Paris
[2026-07-21 18:01:17] SupabaseExperienceRepository.fetchCityFeed: query returned 0 rows
[2026-07-21 18:01:17] CityViewModel.load completed successfully, phase set to loaded
[2026-07-21 18:01:20] CityViewModel.load started for cityID: C1000004-0000-0000-0000-000000000004
[2026-07-21 18:01:20] SupabaseExperienceRepository.fetchCityFeed started for cityID: C1000004-0000-0000-0000-000000000004
[2026-07-21 18:01:20] SupabaseExperienceRepository.fetchCityFeed: resolved cityName: New York
[2026-07-21 18:01:21] SupabaseExperienceRepository.fetchCityFeed: query returned 0 rows
[2026-07-21 18:01:21] CityViewModel.load completed successfully, phase set to loaded
[2026-07-21 18:01:37] CityViewModel.load started for cityID: C1000001-0000-0000-0000-000000000001
[2026-07-21 18:01:37] SupabaseExperienceRepository.fetchCityFeed started for cityID: C1000001-0000-0000-0000-000000000001
[2026-07-21 18:01:37] SupabaseExperienceRepository.fetchCityFeed: resolved cityName: San Francisco
[2026-07-21 18:01:37] SupabaseExperienceRepository.fetchCityFeed: query returned 0 rows
[2026-07-21 18:01:37] CityViewModel.load completed successfully, phase set to loaded
[2026-07-21 18:04:45] AppEnvironment.observeAuthState started
[2026-07-21 18:04:46] AppEnvironment.observeAuthState: received profile update: Vinay23.Rao (61B261B0-373E-461D-AADE-9C6E53D03D45)
[2026-07-21 18:04:50] CityViewModel.load started for cityID: C1000001-0000-0000-0000-000000000001
[2026-07-21 18:04:50] SupabaseExperienceRepository.fetchCityFeed started for cityID: C1000001-0000-0000-0000-000000000001
[2026-07-21 18:04:50] SupabaseExperienceRepository.fetchCityFeed: resolved cityName: San Francisco
[2026-07-21 18:04:50] SupabaseExperienceRepository.fetchCityFeed: query returned 0 rows
[2026-07-21 18:04:50] CityViewModel.load completed successfully, phase set to loaded
[2026-07-21 18:04:57] CityViewModel.load started for cityID: C1000002-0000-0000-0000-000000000002
[2026-07-21 18:04:57] SupabaseExperienceRepository.fetchCityFeed started for cityID: C1000002-0000-0000-0000-000000000002
[2026-07-21 18:04:57] SupabaseExperienceRepository.fetchCityFeed: resolved cityName: Tokyo
[2026-07-21 18:04:57] SupabaseExperienceRepository.fetchCityFeed: query returned 0 rows
[2026-07-21 18:04:57] CityViewModel.load completed successfully, phase set to loaded
[2026-07-21 18:05:27] CityViewModel.load started for cityID: C1000004-0000-0000-0000-000000000004
[2026-07-21 18:05:27] SupabaseExperienceRepository.fetchCityFeed started for cityID: C1000004-0000-0000-0000-000000000004
[2026-07-21 18:05:27] SupabaseExperienceRepository.fetchCityFeed: resolved cityName: New York
[2026-07-21 18:05:27] SupabaseExperienceRepository.fetchCityFeed: query returned 0 rows
[2026-07-21 18:05:27] CityViewModel.load completed successfully, phase set to loaded
[2026-07-21 18:06:14] CityViewModel.load started for cityID: C1000004-0000-0000-0000-000000000004
[2026-07-21 18:06:14] SupabaseExperienceRepository.fetchCityFeed started for cityID: C1000004-0000-0000-0000-000000000004
[2026-07-21 18:06:14] SupabaseExperienceRepository.fetchCityFeed: resolved cityName: New York
[2026-07-21 18:06:14] SupabaseExperienceRepository.fetchCityFeed: query returned 0 rows
[2026-07-21 18:06:14] CityViewModel.load completed successfully, phase set to loaded
[2026-07-21 18:13:42] AppEnvironment.observeAuthState started
[2026-07-21 18:13:42] AppEnvironment.observeAuthState: received profile update: Vinay23.Rao (61B261B0-373E-461D-AADE-9C6E53D03D45)
[2026-07-21 18:13:48] CityViewModel.load started for cityID: C1000001-0000-0000-0000-000000000001
[2026-07-21 18:13:48] SupabaseExperienceRepository.fetchCityFeed started for cityID: C1000001-0000-0000-0000-000000000001
[2026-07-21 18:13:48] SupabaseExperienceRepository.fetchCityFeed: resolved cityName: 'San Francisco'
[2026-07-21 18:13:48] SupabaseExperienceRepository.fetchCityFeed: total experiences in table = 0
[2026-07-21 18:13:48] SupabaseExperienceRepository.fetchCityFeed: matched 0 experiences for 'San Francisco'
[2026-07-21 18:13:48] CityViewModel.load completed successfully, phase set to loaded
[2026-07-21 18:13:58] CityViewModel.load started for cityID: C1000004-0000-0000-0000-000000000004
[2026-07-21 18:13:58] SupabaseExperienceRepository.fetchCityFeed started for cityID: C1000004-0000-0000-0000-000000000004
[2026-07-21 18:13:58] SupabaseExperienceRepository.fetchCityFeed: resolved cityName: 'New York'
[2026-07-21 18:13:58] SupabaseExperienceRepository.fetchCityFeed: total experiences in table = 0
[2026-07-21 18:13:58] SupabaseExperienceRepository.fetchCityFeed: matched 0 experiences for 'New York'
[2026-07-21 18:13:58] CityViewModel.load completed successfully, phase set to loaded
[2026-07-21 18:14:01] CityViewModel.load started for cityID: C1000003-0000-0000-0000-000000000003
[2026-07-21 18:14:01] SupabaseExperienceRepository.fetchCityFeed started for cityID: C1000003-0000-0000-0000-000000000003
[2026-07-21 18:14:01] SupabaseExperienceRepository.fetchCityFeed: resolved cityName: 'Paris'
[2026-07-21 18:14:02] SupabaseExperienceRepository.fetchCityFeed: total experiences in table = 0
[2026-07-21 18:14:02] SupabaseExperienceRepository.fetchCityFeed: matched 0 experiences for 'Paris'
[2026-07-21 18:14:02] CityViewModel.load completed successfully, phase set to loaded
[2026-07-21 18:14:05] CityViewModel.load started for cityID: C1000005-0000-0000-0000-000000000005
[2026-07-21 18:14:05] SupabaseExperienceRepository.fetchCityFeed started for cityID: C1000005-0000-0000-0000-000000000005
[2026-07-21 18:14:05] SupabaseExperienceRepository.fetchCityFeed: resolved cityName: 'London'
[2026-07-21 18:14:05] SupabaseExperienceRepository.fetchCityFeed: total experiences in table = 0
[2026-07-21 18:14:05] SupabaseExperienceRepository.fetchCityFeed: matched 0 experiences for 'London'
[2026-07-21 18:14:05] CityViewModel.load completed successfully, phase set to loaded
[2026-07-21 18:14:09] CityViewModel.load started for cityID: C1000001-0000-0000-0000-000000000001
[2026-07-21 18:14:09] SupabaseExperienceRepository.fetchCityFeed started for cityID: C1000001-0000-0000-0000-000000000001
[2026-07-21 18:14:09] SupabaseExperienceRepository.fetchCityFeed: resolved cityName: 'San Francisco'
[2026-07-21 18:14:10] SupabaseExperienceRepository.fetchCityFeed: total experiences in table = 0
[2026-07-21 18:14:10] SupabaseExperienceRepository.fetchCityFeed: matched 0 experiences for 'San Francisco'
[2026-07-21 18:14:10] CityViewModel.load completed successfully, phase set to loaded
[2026-07-21 18:14:21] CityViewModel.load started for cityID: C1000002-0000-0000-0000-000000000002
[2026-07-21 18:14:21] SupabaseExperienceRepository.fetchCityFeed started for cityID: C1000002-0000-0000-0000-000000000002
[2026-07-21 18:14:21] SupabaseExperienceRepository.fetchCityFeed: resolved cityName: 'Tokyo'
[2026-07-21 18:14:21] SupabaseExperienceRepository.fetchCityFeed: total experiences in table = 0
[2026-07-21 18:14:21] SupabaseExperienceRepository.fetchCityFeed: matched 0 experiences for 'Tokyo'
[2026-07-21 18:14:21] CityViewModel.load completed successfully, phase set to loaded
[2026-07-21 18:26:42] AppEnvironment.observeAuthState started
[2026-07-21 18:26:43] AppEnvironment.observeAuthState: received profile update: Vinay23.Rao (61B261B0-373E-461D-AADE-9C6E53D03D45)
[2026-07-21 18:26:46] CityViewModel.load started for cityID: C1000001-0000-0000-0000-000000000001
[2026-07-21 18:26:46] SupabaseExperienceRepository.fetchCityFeed started for cityID: C1000001-0000-0000-0000-000000000001
[2026-07-21 18:26:46] SupabaseExperienceRepository.fetchCityFeed: resolved cityName: 'San Francisco'
[2026-07-21 18:26:46] SupabaseExperienceRepository.fetchCityFeed: total experiences in table = 6
[2026-07-21 18:26:46] SupabaseExperienceRepository.fetchCityFeed: matched 5 experiences for 'San Francisco'
[2026-07-21 18:26:46] CityViewModel.load completed successfully, phase set to loaded
[2026-07-21 18:27:22] CityViewModel.load started for cityID: C1000004-0000-0000-0000-000000000004
[2026-07-21 18:27:22] SupabaseExperienceRepository.fetchCityFeed started for cityID: C1000004-0000-0000-0000-000000000004
[2026-07-21 18:27:22] SupabaseExperienceRepository.fetchCityFeed: resolved cityName: 'New York'
[2026-07-21 18:27:22] SupabaseExperienceRepository.fetchCityFeed: total experiences in table = 6
[2026-07-21 18:27:22] SupabaseExperienceRepository.fetchCityFeed: matched 1 experiences for 'New York'
[2026-07-21 18:27:22] CityViewModel.load completed successfully, phase set to loaded
[2026-07-21 18:27:55] CityViewModel.load started for cityID: C1000001-0000-0000-0000-000000000001
[2026-07-21 18:27:55] SupabaseExperienceRepository.fetchCityFeed started for cityID: C1000001-0000-0000-0000-000000000001
[2026-07-21 18:27:55] SupabaseExperienceRepository.fetchCityFeed: resolved cityName: 'San Francisco'
[2026-07-21 18:27:55] SupabaseExperienceRepository.fetchCityFeed: total experiences in table = 6
[2026-07-21 18:27:55] SupabaseExperienceRepository.fetchCityFeed: matched 5 experiences for 'San Francisco'
[2026-07-21 18:27:55] CityViewModel.load completed successfully, phase set to loaded
[2026-07-21 18:33:45] AppEnvironment.observeAuthState started
[2026-07-21 18:33:46] AppEnvironment.observeAuthState: received profile update: Vinay23.Rao (61B261B0-373E-461D-AADE-9C6E53D03D45)
[2026-07-21 18:33:50] CityViewModel.load started for cityID: C1000001-0000-0000-0000-000000000001
[2026-07-21 18:33:50] SupabaseExperienceRepository.fetchCityFeed started for cityID: C1000001-0000-0000-0000-000000000001
[2026-07-21 18:33:50] SupabaseExperienceRepository.fetchCityFeed: resolved cityName: 'San Francisco'
[2026-07-21 18:33:50] SupabaseExperienceRepository.fetchCityFeed: total experiences in table = 6
[2026-07-21 18:33:50] SupabaseExperienceRepository.fetchCityFeed: matched 5 experiences for 'San Francisco'
[2026-07-21 18:33:50] CityViewModel.load completed successfully, phase set to loaded
[2026-07-21 18:34:14] CityViewModel.load started for cityID: C1000001-0000-0000-0000-000000000001
[2026-07-21 18:34:14] SupabaseExperienceRepository.fetchCityFeed started for cityID: C1000001-0000-0000-0000-000000000001
[2026-07-21 18:34:14] SupabaseExperienceRepository.fetchCityFeed: resolved cityName: 'San Francisco'
[2026-07-21 18:34:14] SupabaseExperienceRepository.fetchCityFeed: total experiences in table = 6
[2026-07-21 18:34:14] SupabaseExperienceRepository.fetchCityFeed: matched 5 experiences for 'San Francisco'
[2026-07-21 18:34:14] CityViewModel.load completed successfully, phase set to loaded
[2026-07-21 18:38:23] CityViewModel.load started for cityID: C1000001-0000-0000-0000-000000000001
[2026-07-21 18:38:23] SupabaseExperienceRepository.fetchCityFeed started for cityID: C1000001-0000-0000-0000-000000000001
[2026-07-21 18:38:23] SupabaseExperienceRepository.fetchCityFeed: resolved cityName: 'San Francisco'
[2026-07-21 18:38:23] SupabaseExperienceRepository.fetchCityFeed: total experiences in table = 6
[2026-07-21 18:38:23] SupabaseExperienceRepository.fetchCityFeed: matched 5 experiences for 'San Francisco'
[2026-07-21 18:38:23] CityViewModel.load completed successfully, phase set to loaded
[2026-07-21 18:38:43] CityViewModel.load started for cityID: C1000002-0000-0000-0000-000000000002
[2026-07-21 18:38:43] SupabaseExperienceRepository.fetchCityFeed started for cityID: C1000002-0000-0000-0000-000000000002
[2026-07-21 18:38:43] SupabaseExperienceRepository.fetchCityFeed: resolved cityName: 'Tokyo'
[2026-07-21 18:38:43] SupabaseExperienceRepository.fetchCityFeed: total experiences in table = 6
[2026-07-21 18:38:43] SupabaseExperienceRepository.fetchCityFeed: matched 0 experiences for 'Tokyo'
[2026-07-21 18:38:43] CityViewModel.load completed successfully, phase set to loaded
[2026-07-21 18:41:09] CityViewModel.load started for cityID: C1000001-0000-0000-0000-000000000001
[2026-07-21 18:41:09] SupabaseExperienceRepository.fetchCityFeed started for cityID: C1000001-0000-0000-0000-000000000001
[2026-07-21 18:41:09] SupabaseExperienceRepository.fetchCityFeed: resolved cityName: 'San Francisco'
[2026-07-21 18:41:09] SupabaseExperienceRepository.fetchCityFeed: total experiences in table = 6
[2026-07-21 18:41:09] SupabaseExperienceRepository.fetchCityFeed: matched 5 experiences for 'San Francisco'
[2026-07-21 18:41:09] CityViewModel.load completed successfully, phase set to loaded
[2026-07-21 18:46:13] AppEnvironment.observeAuthState started
[2026-07-21 18:46:14] AppEnvironment.observeAuthState: received profile update: Vinay23.Rao (61B261B0-373E-461D-AADE-9C6E53D03D45)
[2026-07-21 18:47:31] CityViewModel.load started for cityID: C1000001-0000-0000-0000-000000000001
[2026-07-21 18:47:31] SupabaseExperienceRepository.fetchCityFeed started for cityID: C1000001-0000-0000-0000-000000000001
[2026-07-21 18:47:31] SupabaseExperienceRepository.fetchCityFeed: resolved cityName: 'San Francisco'
[2026-07-21 18:47:31] SupabaseExperienceRepository.fetchCityFeed: total experiences in table = 6
[2026-07-21 18:47:31] SupabaseExperienceRepository.fetchCityFeed: matched 5 experiences for 'San Francisco'
[2026-07-21 18:47:31] CityViewModel.load completed successfully, phase set to loaded
[2026-07-21 18:47:52] CityViewModel.load started for cityID: C1000003-0000-0000-0000-000000000003
[2026-07-21 18:47:52] SupabaseExperienceRepository.fetchCityFeed started for cityID: C1000003-0000-0000-0000-000000000003
[2026-07-21 18:47:52] SupabaseExperienceRepository.fetchCityFeed: resolved cityName: 'Paris'
[2026-07-21 18:47:52] SupabaseExperienceRepository.fetchCityFeed: total experiences in table = 6
[2026-07-21 18:47:52] SupabaseExperienceRepository.fetchCityFeed: matched 0 experiences for 'Paris'
[2026-07-21 18:47:52] CityViewModel.load completed successfully, phase set to loaded
[2026-07-21 18:48:02] CityViewModel.load started for cityID: C1000001-0000-0000-0000-000000000001
[2026-07-21 18:48:02] SupabaseExperienceRepository.fetchCityFeed started for cityID: C1000001-0000-0000-0000-000000000001
[2026-07-21 18:48:02] SupabaseExperienceRepository.fetchCityFeed: resolved cityName: 'San Francisco'
[2026-07-21 18:48:02] SupabaseExperienceRepository.fetchCityFeed: total experiences in table = 6
[2026-07-21 18:48:02] SupabaseExperienceRepository.fetchCityFeed: matched 5 experiences for 'San Francisco'
[2026-07-21 18:48:03] CityViewModel.load completed successfully, phase set to loaded
[2026-07-21 18:49:23] AppEnvironment.observeAuthState started
[2026-07-21 18:49:24] AppEnvironment.observeAuthState: received profile update: Vinay23.Rao (61B261B0-373E-461D-AADE-9C6E53D03D45)
[2026-07-21 18:53:19] CityViewModel.load started for cityID: C1000001-0000-0000-0000-000000000001
[2026-07-21 18:53:19] SupabaseExperienceRepository.fetchCityFeed started for cityID: C1000001-0000-0000-0000-000000000001
[2026-07-21 18:53:19] SupabaseExperienceRepository.fetchCityFeed: resolved cityName: 'San Francisco'
[2026-07-21 18:53:19] SupabaseExperienceRepository.fetchCityFeed: total experiences in table = 6
[2026-07-21 18:53:19] SupabaseExperienceRepository.fetchCityFeed: matched 5 experiences for 'San Francisco'
[2026-07-21 18:53:20] CityViewModel.load completed successfully, phase set to loaded
[2026-07-21 18:53:55] AppEnvironment.observeAuthState: received profile update: Vinay Rao (61B261B0-373E-461D-AADE-9C6E53D03D45)
[2026-07-21 18:56:42] AppEnvironment.observeAuthState started
[2026-07-21 18:56:43] AppEnvironment.observeAuthState: received profile update: Vinay Rao (61B261B0-373E-461D-AADE-9C6E53D03D45)
[2026-07-21 19:04:09] AppEnvironment.observeAuthState started
[2026-07-21 19:04:09] AppEnvironment.observeAuthState: received profile update: Vinay Rao (61B261B0-373E-461D-AADE-9C6E53D03D45)
[2026-07-21 19:11:45] AppEnvironment.observeAuthState started
[2026-07-21 19:11:45] AppEnvironment.observeAuthState: received profile update: Vinay Rao (61B261B0-373E-461D-AADE-9C6E53D03D45)
[2026-07-21 19:15:26] AppEnvironment.observeAuthState started
[2026-07-21 19:15:27] AppEnvironment.observeAuthState: received profile update: Vinay Rao (61B261B0-373E-461D-AADE-9C6E53D03D45)
[2026-07-21 19:19:10] AppEnvironment.observeAuthState started
[2026-07-21 19:19:11] AppEnvironment.observeAuthState: received profile update: Vinay Rao (61B261B0-373E-461D-AADE-9C6E53D03D45)
[2026-07-21 19:22:31] AppEnvironment.observeAuthState started
[2026-07-21 19:22:32] AppEnvironment.observeAuthState: received profile update: Vinay Rao (61B261B0-373E-461D-AADE-9C6E53D03D45)
[2026-07-21 19:26:25] AppEnvironment.observeAuthState started
[2026-07-21 19:26:26] AppEnvironment.observeAuthState: received profile update: Vinay Rao (61B261B0-373E-461D-AADE-9C6E53D03D45)
[2026-07-21 19:29:39] AppEnvironment.observeAuthState started
[2026-07-21 19:29:39] AppEnvironment.observeAuthState: received profile update: Vinay Rao (61B261B0-373E-461D-AADE-9C6E53D03D45)
[2026-07-21 22:27:13] AppEnvironment.observeAuthState started
[2026-07-21 22:27:15] AppEnvironment.observeAuthState: received profile update: Vinay Rao (61B261B0-373E-461D-AADE-9C6E53D03D45)
[2026-07-21 22:27:15] AppEnvironment.observeAuthState: received profile update: Vinay Rao (61B261B0-373E-461D-AADE-9C6E53D03D45)
[2026-07-21 22:27:31] CityViewModel.load started for cityID: C1000007-0000-0000-0000-000000000007
[2026-07-21 22:27:31] SupabaseExperienceRepository.fetchCityFeed started for cityID: C1000007-0000-0000-0000-000000000007
[2026-07-21 22:27:31] SupabaseExperienceRepository.fetchCityFeed: resolved cityName: 'Sydney'
[2026-07-21 22:27:31] SupabaseExperienceRepository.fetchCityFeed: total experiences in table = 6
[2026-07-21 22:27:31] SupabaseExperienceRepository.fetchCityFeed: matched 0 experiences for 'Sydney'
[2026-07-21 22:27:31] CityViewModel.load completed successfully, phase set to loaded
[2026-07-21 22:27:38] CityViewModel.load started for cityID: C1000001-0000-0000-0000-000000000001
[2026-07-21 22:27:38] SupabaseExperienceRepository.fetchCityFeed started for cityID: C1000001-0000-0000-0000-000000000001
[2026-07-21 22:27:38] SupabaseExperienceRepository.fetchCityFeed: resolved cityName: 'San Francisco'
[2026-07-21 22:27:38] SupabaseExperienceRepository.fetchCityFeed: total experiences in table = 6
[2026-07-21 22:27:38] SupabaseExperienceRepository.fetchCityFeed: matched 5 experiences for 'San Francisco'
[2026-07-21 22:27:38] CityViewModel.load completed successfully, phase set to loaded
[2026-07-21 22:28:29] CityViewModel.load started for cityID: C1000006-0000-0000-0000-000000000006
[2026-07-21 22:28:29] SupabaseExperienceRepository.fetchCityFeed started for cityID: C1000006-0000-0000-0000-000000000006
[2026-07-21 22:28:29] SupabaseExperienceRepository.fetchCityFeed: resolved cityName: 'Barcelona'
[2026-07-21 22:28:29] SupabaseExperienceRepository.fetchCityFeed: total experiences in table = 6
[2026-07-21 22:28:29] SupabaseExperienceRepository.fetchCityFeed: matched 0 experiences for 'Barcelona'
[2026-07-21 22:28:29] CityViewModel.load completed successfully, phase set to loaded
[2026-07-21 22:30:29] AppEnvironment.observeAuthState started
[2026-07-21 22:30:30] AppEnvironment.observeAuthState: received profile update: Vinay Rao (61B261B0-373E-461D-AADE-9C6E53D03D45)
[2026-07-21 22:30:37] CityViewModel.load started for cityID: C1000001-0000-0000-0000-000000000001
[2026-07-21 22:30:37] SupabaseExperienceRepository.fetchCityFeed started for cityID: C1000001-0000-0000-0000-000000000001
[2026-07-21 22:30:37] SupabaseExperienceRepository.fetchCityFeed: resolved cityName: 'San Francisco'
[2026-07-21 22:30:37] SupabaseExperienceRepository.fetchCityFeed: total experiences in table = 6
[2026-07-21 22:30:37] SupabaseExperienceRepository.fetchCityFeed: matched 5 experiences for 'San Francisco'
[2026-07-21 22:30:37] CityViewModel.load completed successfully, phase set to loaded
[2026-07-21 22:30:43] CityViewModel.load started for cityID: C1000004-0000-0000-0000-000000000004
[2026-07-21 22:30:43] SupabaseExperienceRepository.fetchCityFeed started for cityID: C1000004-0000-0000-0000-000000000004
[2026-07-21 22:30:43] SupabaseExperienceRepository.fetchCityFeed: resolved cityName: 'New York'
[2026-07-21 22:30:43] SupabaseExperienceRepository.fetchCityFeed: total experiences in table = 6
[2026-07-21 22:30:43] SupabaseExperienceRepository.fetchCityFeed: matched 1 experiences for 'New York'
[2026-07-21 22:30:43] CityViewModel.load completed successfully, phase set to loaded
[2026-07-21 22:33:54] AppEnvironment.observeAuthState started
[2026-07-21 22:33:55] AppEnvironment.observeAuthState: received profile update: Vinay Rao (61B261B0-373E-461D-AADE-9C6E53D03D45)
[2026-07-21 22:38:32] AppEnvironment.observeAuthState started
[2026-07-21 22:38:32] AppEnvironment.observeAuthState: received profile update: Vinay Rao (61B261B0-373E-461D-AADE-9C6E53D03D45)
[2026-07-21 22:41:55] CityViewModel.load started for cityID: C1000001-0000-0000-0000-000000000001
[2026-07-21 22:41:55] SupabaseExperienceRepository.fetchCityFeed started for cityID: C1000001-0000-0000-0000-000000000001
[2026-07-21 22:41:55] SupabaseExperienceRepository.fetchCityFeed: resolved cityName: 'San Francisco'
[2026-07-21 22:41:55] SupabaseExperienceRepository.fetchCityFeed: total experiences in table = 6
[2026-07-21 22:41:55] SupabaseExperienceRepository.fetchCityFeed: matched 5 experiences for 'San Francisco'
[2026-07-21 22:41:55] CityViewModel.load completed successfully, phase set to loaded
[2026-07-21 22:46:08] CityViewModel.load started for cityID: C1000001-0000-0000-0000-000000000001
[2026-07-21 22:46:08] SupabaseExperienceRepository.fetchCityFeed started for cityID: C1000001-0000-0000-0000-000000000001
[2026-07-21 22:46:08] SupabaseExperienceRepository.fetchCityFeed: resolved cityName: 'San Francisco'
[2026-07-21 22:46:08] SupabaseExperienceRepository.fetchCityFeed: total experiences in table = 6
[2026-07-21 22:46:08] SupabaseExperienceRepository.fetchCityFeed: matched 5 experiences for 'San Francisco'
[2026-07-21 22:46:08] CityViewModel.load completed successfully, phase set to loaded
[2026-07-21 22:49:10] AppEnvironment.observeAuthState started
[2026-07-21 22:49:11] AppEnvironment.observeAuthState: received profile update: Vinay Rao (61B261B0-373E-461D-AADE-9C6E53D03D45)
[2026-07-21 22:49:15] CityViewModel.load started for cityID: C1000001-0000-0000-0000-000000000001
[2026-07-21 22:49:15] SupabaseExperienceRepository.fetchCityFeed started for cityID: C1000001-0000-0000-0000-000000000001
[2026-07-21 22:49:15] SupabaseExperienceRepository.fetchCityFeed: resolved cityName: 'San Francisco'
[2026-07-21 22:49:15] SupabaseExperienceRepository.fetchCityFeed: total experiences in table = 6
[2026-07-21 22:49:15] SupabaseExperienceRepository.fetchCityFeed: matched 5 experiences for 'San Francisco'
[2026-07-21 22:49:15] CityViewModel.load completed successfully, phase set to loaded
[2026-07-21 22:49:45] CityViewModel.load started for cityID: C1000004-0000-0000-0000-000000000004
[2026-07-21 22:49:45] SupabaseExperienceRepository.fetchCityFeed started for cityID: C1000004-0000-0000-0000-000000000004
[2026-07-21 22:49:45] SupabaseExperienceRepository.fetchCityFeed: resolved cityName: 'New York'
[2026-07-21 22:49:45] SupabaseExperienceRepository.fetchCityFeed: total experiences in table = 6
[2026-07-21 22:49:45] SupabaseExperienceRepository.fetchCityFeed: matched 1 experiences for 'New York'
[2026-07-21 22:49:45] CityViewModel.load completed successfully, phase set to loaded
[2026-07-21 22:52:28] AppEnvironment.observeAuthState started
[2026-07-21 22:52:28] AppEnvironment.observeAuthState: received profile update: Vinay Rao (61B261B0-373E-461D-AADE-9C6E53D03D45)
[2026-07-21 22:54:29] AppEnvironment.observeAuthState started
[2026-07-21 22:54:30] AppEnvironment.observeAuthState: received profile update: Vinay Rao (61B261B0-373E-461D-AADE-9C6E53D03D45)
[2026-07-21 22:56:04] AppEnvironment.observeAuthState started
[2026-07-21 22:56:04] AppEnvironment.observeAuthState: received profile update: Vinay Rao (61B261B0-373E-461D-AADE-9C6E53D03D45)
[2026-07-21 22:56:26] CityViewModel.load started for cityID: C1000001-0000-0000-0000-000000000001
[2026-07-21 22:56:26] SupabaseExperienceRepository.fetchCityFeed started for cityID: C1000001-0000-0000-0000-000000000001
[2026-07-21 22:56:26] SupabaseExperienceRepository.fetchCityFeed: resolved cityName: 'San Francisco'
[2026-07-21 22:56:26] SupabaseExperienceRepository.fetchCityFeed: total experiences in table = 6
[2026-07-21 22:56:26] SupabaseExperienceRepository.fetchCityFeed: matched 5 experiences for 'San Francisco'
[2026-07-21 22:56:27] CityViewModel.load completed successfully, phase set to loaded
[2026-07-21 22:59:21] AppEnvironment.observeAuthState started
[2026-07-21 22:59:21] AppEnvironment.observeAuthState: received profile update: Vinay Rao (61B261B0-373E-461D-AADE-9C6E53D03D45)
[2026-07-21 23:02:07] CityViewModel.load started for cityID: C1000004-0000-0000-0000-000000000004
[2026-07-21 23:02:07] SupabaseExperienceRepository.fetchCityFeed started for cityID: C1000004-0000-0000-0000-000000000004
[2026-07-21 23:02:07] SupabaseExperienceRepository.fetchCityFeed: resolved cityName: 'New York'
[2026-07-21 23:02:08] SupabaseExperienceRepository.fetchCityFeed: total experiences in table = 6
[2026-07-21 23:02:08] SupabaseExperienceRepository.fetchCityFeed: matched 1 experiences for 'New York'
[2026-07-21 23:02:08] CityViewModel.load completed successfully, phase set to loaded
[2026-07-21 23:25:25] AppEnvironment.observeAuthState: received profile update: Vinay Rao (61B261B0-373E-461D-AADE-9C6E53D03D45)
[2026-07-22 00:23:27] AppEnvironment.observeAuthState: received profile update: Vinay Rao (61B261B0-373E-461D-AADE-9C6E53D03D45)
[2026-07-22 01:21:30] AppEnvironment.observeAuthState: received profile update: Vinay Rao (61B261B0-373E-461D-AADE-9C6E53D03D45)
[2026-07-22 02:19:44] AppEnvironment.observeAuthState: received profile update: Vinay Rao (61B261B0-373E-461D-AADE-9C6E53D03D45)
[2026-07-22 03:32:25] AppEnvironment.observeAuthState: received profile update: Vinay Rao (61B261B0-373E-461D-AADE-9C6E53D03D45)
[2026-07-22 04:36:13] AppEnvironment.observeAuthState: received profile update: Vinay Rao (61B261B0-373E-461D-AADE-9C6E53D03D45)
[2026-07-22 05:49:13] AppEnvironment.observeAuthState: received profile update: Vinay Rao (61B261B0-373E-461D-AADE-9C6E53D03D45)
[2026-07-22 06:56:46] AppEnvironment.observeAuthState: received profile update: Vinay Rao (61B261B0-373E-461D-AADE-9C6E53D03D45)
[2026-07-22 07:55:06] AppEnvironment.observeAuthState: received profile update: Vinay Rao (61B261B0-373E-461D-AADE-9C6E53D03D45)
[2026-07-22 08:55:12] AppEnvironment.observeAuthState: received profile update: Vinay Rao (61B261B0-373E-461D-AADE-9C6E53D03D45)
[2026-07-22 09:55:35] AppEnvironment.observeAuthState: received profile update: Vinay Rao (61B261B0-373E-461D-AADE-9C6E53D03D45)
[2026-07-22 10:55:38] AppEnvironment.observeAuthState: received profile update: Vinay Rao (61B261B0-373E-461D-AADE-9C6E53D03D45)
[2026-07-22 11:55:35] AppEnvironment.observeAuthState: received profile update: Vinay Rao (61B261B0-373E-461D-AADE-9C6E53D03D45)
[2026-07-22 12:56:08] AppEnvironment.observeAuthState: received profile update: Vinay Rao (61B261B0-373E-461D-AADE-9C6E53D03D45)
[2026-07-22 13:54:10] AppEnvironment.observeAuthState: received profile update: Vinay Rao (61B261B0-373E-461D-AADE-9C6E53D03D45)
[2026-07-22 14:57:41] AppEnvironment.observeAuthState: received profile update: Vinay Rao (61B261B0-373E-461D-AADE-9C6E53D03D45)
[2026-07-22 15:58:05] AppEnvironment.observeAuthState: received profile update: Vinay Rao (61B261B0-373E-461D-AADE-9C6E53D03D45)
[2026-07-22 16:56:29] AppEnvironment.observeAuthState: received profile update: Vinay Rao (61B261B0-373E-461D-AADE-9C6E53D03D45)
[2026-07-22 17:54:32] AppEnvironment.observeAuthState: received profile update: Vinay Rao (61B261B0-373E-461D-AADE-9C6E53D03D45)
[2026-07-22 18:56:57] AppEnvironment.observeAuthState: received profile update: Vinay Rao (61B261B0-373E-461D-AADE-9C6E53D03D45)
[2026-07-22 20:02:27] AppEnvironment.observeAuthState: received profile update: Vinay Rao (61B261B0-373E-461D-AADE-9C6E53D03D45)
[2026-07-22 21:03:28] AppEnvironment.observeAuthState: received profile update: Vinay Rao (61B261B0-373E-461D-AADE-9C6E53D03D45)
[2026-07-22 22:01:31] AppEnvironment.observeAuthState: received profile update: Vinay Rao (61B261B0-373E-461D-AADE-9C6E53D03D45)
[2026-07-22 23:05:27] AppEnvironment.observeAuthState: received profile update: Vinay Rao (61B261B0-373E-461D-AADE-9C6E53D03D45)
[2026-07-23 00:03:43] AppEnvironment.observeAuthState: received profile update: Vinay Rao (61B261B0-373E-461D-AADE-9C6E53D03D45)
[2026-07-23 01:06:27] AppEnvironment.observeAuthState: received profile update: Vinay Rao (61B261B0-373E-461D-AADE-9C6E53D03D45)
[2026-07-23 02:08:56] AppEnvironment.observeAuthState: received profile update: Vinay Rao (61B261B0-373E-461D-AADE-9C6E53D03D45)
[2026-07-23 03:07:13] AppEnvironment.observeAuthState: received profile update: Vinay Rao (61B261B0-373E-461D-AADE-9C6E53D03D45)
[2026-07-23 04:06:48] AppEnvironment.observeAuthState: received profile update: Vinay Rao (61B261B0-373E-461D-AADE-9C6E53D03D45)
[2026-07-23 05:14:46] AppEnvironment.observeAuthState: received profile update: Vinay Rao (61B261B0-373E-461D-AADE-9C6E53D03D45)
[2026-07-23 06:12:53] AppEnvironment.observeAuthState: received profile update: Vinay Rao (61B261B0-373E-461D-AADE-9C6E53D03D45)
[2026-07-23 07:17:13] AppEnvironment.observeAuthState: received profile update: Vinay Rao (61B261B0-373E-461D-AADE-9C6E53D03D45)
[2026-07-23 08:29:44] AppEnvironment.observeAuthState: received profile update: Vinay Rao (61B261B0-373E-461D-AADE-9C6E53D03D45)
[2026-07-23 09:33:33] AppEnvironment.observeAuthState: received profile update: Vinay Rao (61B261B0-373E-461D-AADE-9C6E53D03D45)
[2026-07-23 10:33:50] AppEnvironment.observeAuthState: received profile update: Vinay Rao (61B261B0-373E-461D-AADE-9C6E53D03D45)
[2026-07-23 11:32:35] AppEnvironment.observeAuthState: received profile update: Vinay Rao (61B261B0-373E-461D-AADE-9C6E53D03D45)
[2026-07-23 12:32:41] AppEnvironment.observeAuthState: received profile update: Vinay Rao (61B261B0-373E-461D-AADE-9C6E53D03D45)
[2026-07-23 13:35:41] AppEnvironment.observeAuthState: received profile update: Vinay Rao (61B261B0-373E-461D-AADE-9C6E53D03D45)
[2026-07-23 14:34:02] AppEnvironment.observeAuthState: received profile update: Vinay Rao (61B261B0-373E-461D-AADE-9C6E53D03D45)
[2026-07-23 15:32:03] AppEnvironment.observeAuthState: received profile update: Vinay Rao (61B261B0-373E-461D-AADE-9C6E53D03D45)
[2026-07-23 15:50:28] AppEnvironment.observeAuthState started
[2026-07-23 15:50:29] AppEnvironment.observeAuthState: received profile update: Vinay Rao (61B261B0-373E-461D-AADE-9C6E53D03D45)
[2026-07-23 15:50:46] CityViewModel.load started for cityID: C1000001-0000-0000-0000-000000000001
[2026-07-23 15:50:46] SupabaseExperienceRepository.fetchCityFeed started for cityID: C1000001-0000-0000-0000-000000000001
[2026-07-23 15:50:46] SupabaseExperienceRepository.fetchCityFeed: resolved cityName: 'San Francisco'
[2026-07-23 15:50:46] SupabaseExperienceRepository.fetchCityFeed: total experiences in table = 6
[2026-07-23 15:50:46] SupabaseExperienceRepository.fetchCityFeed: matched 5 experiences for 'San Francisco'
[2026-07-23 15:50:46] CityViewModel.load completed successfully, phase set to loaded
[2026-07-23 16:30:15] AppEnvironment.observeAuthState: received profile update: Vinay Rao (61B261B0-373E-461D-AADE-9C6E53D03D45)
[2026-07-23 16:49:49] AppEnvironment.observeAuthState started
[2026-07-23 16:49:50] AppEnvironment.observeAuthState: received profile update: Vinay Rao (61B261B0-373E-461D-AADE-9C6E53D03D45)
[2026-07-23 16:51:10] CityViewModel.load started for cityID: C1000001-0000-0000-0000-000000000001
[2026-07-23 16:51:10] SupabaseExperienceRepository.fetchCityFeed started for cityID: C1000001-0000-0000-0000-000000000001
[2026-07-23 16:51:10] SupabaseExperienceRepository.fetchCityFeed: resolved cityName: 'San Francisco'
[2026-07-23 16:51:10] SupabaseExperienceRepository.fetchCityFeed: total experiences in table = 6
[2026-07-23 16:51:10] SupabaseExperienceRepository.fetchCityFeed: matched 5 experiences for 'San Francisco'
[2026-07-23 16:51:10] CityViewModel.load completed successfully, phase set to loaded
[2026-07-23 17:04:19] AppEnvironment.observeAuthState started
[2026-07-23 17:04:20] AppEnvironment.observeAuthState: received profile update: Vinay Rao (61B261B0-373E-461D-AADE-9C6E53D03D45)
[2026-07-23 17:04:26] CityViewModel.load started for cityID: C1000001-0000-0000-0000-000000000001
[2026-07-23 17:04:26] SupabaseExperienceRepository.fetchCityFeed started for cityID: C1000001-0000-0000-0000-000000000001
[2026-07-23 17:04:26] SupabaseExperienceRepository.fetchCityFeed: resolved cityName: 'San Francisco'
[2026-07-23 17:04:26] SupabaseExperienceRepository.fetchCityFeed: total experiences in table = 7
[2026-07-23 17:04:26] SupabaseExperienceRepository.fetchCityFeed: matched 5 experiences for 'San Francisco'
[2026-07-23 17:04:26] CityViewModel.load completed successfully, phase set to loaded
[2026-07-23 17:07:18] AppEnvironment.observeAuthState started
[2026-07-23 17:07:18] AppEnvironment.observeAuthState: received profile update: Vinay Rao (61B261B0-373E-461D-AADE-9C6E53D03D45)
[2026-07-23 17:07:23] CityViewModel.load started for cityID: C1000001-0000-0000-0000-000000000001
[2026-07-23 17:07:23] SupabaseExperienceRepository.fetchCityFeed started for cityID: C1000001-0000-0000-0000-000000000001
[2026-07-23 17:07:23] SupabaseExperienceRepository.fetchCityFeed: resolved cityName: 'San Francisco'
[2026-07-23 17:07:23] SupabaseExperienceRepository.fetchCityFeed: total experiences in table = 7
[2026-07-23 17:07:23] SupabaseExperienceRepository.fetchCityFeed: matched 5 experiences for 'San Francisco'
[2026-07-23 17:07:23] CityViewModel.load completed successfully, phase set to loaded
[2026-07-23 17:10:20] AppEnvironment.observeAuthState started
[2026-07-23 17:10:20] AppEnvironment.observeAuthState: received profile update: Vinay Rao (61B261B0-373E-461D-AADE-9C6E53D03D45)
[2026-07-23 17:10:23] CityViewModel.load started for cityID: C1000001-0000-0000-0000-000000000001
[2026-07-23 17:10:23] SupabaseExperienceRepository.fetchCityFeed started for cityID: C1000001-0000-0000-0000-000000000001
[2026-07-23 17:10:23] SupabaseExperienceRepository.fetchCityFeed: resolved cityName: 'San Francisco'
[2026-07-23 17:10:23] SupabaseExperienceRepository.fetchCityFeed: total experiences in table = 7
[2026-07-23 17:10:23] SupabaseExperienceRepository.fetchCityFeed: matched 5 experiences for 'San Francisco'
[2026-07-23 17:10:23] CityViewModel.load completed successfully, phase set to loaded
[2026-07-23 17:12:21] AppEnvironment.observeAuthState started
[2026-07-23 17:12:22] AppEnvironment.observeAuthState: received profile update: Vinay Rao (61B261B0-373E-461D-AADE-9C6E53D03D45)
[2026-07-23 17:12:25] CityViewModel.load started for cityID: C1000001-0000-0000-0000-000000000001
[2026-07-23 17:12:25] SupabaseExperienceRepository.fetchCityFeed started for cityID: C1000001-0000-0000-0000-000000000001
[2026-07-23 17:12:25] SupabaseExperienceRepository.fetchCityFeed: resolved cityName: 'San Francisco'
[2026-07-23 17:12:25] SupabaseExperienceRepository.fetchCityFeed: total experiences in table = 7
[2026-07-23 17:12:25] SupabaseExperienceRepository.fetchCityFeed: matched 5 experiences for 'San Francisco'
[2026-07-23 17:12:26] CityViewModel.load completed successfully, phase set to loaded
[2026-07-23 17:14:58] AppEnvironment.observeAuthState started
[2026-07-23 17:14:59] AppEnvironment.observeAuthState: received profile update: Vinay Rao (61B261B0-373E-461D-AADE-9C6E53D03D45)
[2026-07-23 17:15:01] CityViewModel.load started for cityID: C1000001-0000-0000-0000-000000000001
[2026-07-23 17:15:01] SupabaseExperienceRepository.fetchCityFeed started for cityID: C1000001-0000-0000-0000-000000000001
[2026-07-23 17:15:01] SupabaseExperienceRepository.fetchCityFeed: resolved cityName: 'San Francisco'
[2026-07-23 17:15:02] SupabaseExperienceRepository.fetchCityFeed: total experiences in table = 7
[2026-07-23 17:15:02] SupabaseExperienceRepository.fetchCityFeed: matched 5 experiences for 'San Francisco'
[2026-07-23 17:15:02] CityViewModel.load completed successfully, phase set to loaded
[2026-07-23 17:17:48] AppEnvironment.observeAuthState started
[2026-07-23 17:17:48] AppEnvironment.observeAuthState: received profile update: Vinay Rao (61B261B0-373E-461D-AADE-9C6E53D03D45)
[2026-07-23 17:17:52] CityViewModel.load started for cityID: C1000001-0000-0000-0000-000000000001
[2026-07-23 17:17:52] SupabaseExperienceRepository.fetchCityFeed started for cityID: C1000001-0000-0000-0000-000000000001
[2026-07-23 17:17:52] SupabaseExperienceRepository.fetchCityFeed: resolved cityName: 'San Francisco'
[2026-07-23 17:17:52] SupabaseExperienceRepository.fetchCityFeed: total experiences in table = 7
[2026-07-23 17:17:52] SupabaseExperienceRepository.fetchCityFeed: matched 5 experiences for 'San Francisco'
[2026-07-23 17:17:53] CityViewModel.load completed successfully, phase set to loaded
[2026-07-23 17:20:18] AppEnvironment.observeAuthState started
[2026-07-23 17:20:19] AppEnvironment.observeAuthState: received profile update: Vinay Rao (61B261B0-373E-461D-AADE-9C6E53D03D45)
[2026-07-23 17:20:22] CityViewModel.load started for cityID: C1000001-0000-0000-0000-000000000001
[2026-07-23 17:20:22] SupabaseExperienceRepository.fetchCityFeed started for cityID: C1000001-0000-0000-0000-000000000001
[2026-07-23 17:20:22] SupabaseExperienceRepository.fetchCityFeed: resolved cityName: 'San Francisco'
[2026-07-23 17:20:22] SupabaseExperienceRepository.fetchCityFeed: total experiences in table = 7
[2026-07-23 17:20:22] SupabaseExperienceRepository.fetchCityFeed: matched 5 experiences for 'San Francisco'
[2026-07-23 17:20:23] CityViewModel.load completed successfully, phase set to loaded
[2026-07-23 17:23:21] AppEnvironment.observeAuthState started
[2026-07-23 17:23:22] AppEnvironment.observeAuthState: received profile update: Vinay Rao (61B261B0-373E-461D-AADE-9C6E53D03D45)
[2026-07-23 17:23:28] CityViewModel.load started for cityID: C1000001-0000-0000-0000-000000000001
[2026-07-23 17:23:28] SupabaseExperienceRepository.fetchCityFeed started for cityID: C1000001-0000-0000-0000-000000000001
[2026-07-23 17:23:28] SupabaseExperienceRepository.fetchCityFeed: resolved cityName: 'San Francisco'
[2026-07-23 17:23:28] SupabaseExperienceRepository.fetchCityFeed: total experiences in table = 7
[2026-07-23 17:23:28] SupabaseExperienceRepository.fetchCityFeed: matched 5 experiences for 'San Francisco'
[2026-07-23 17:23:28] CityViewModel.load completed successfully, phase set to loaded
[2026-07-23 17:24:33] AppEnvironment.observeAuthState started
[2026-07-23 17:24:34] AppEnvironment.observeAuthState: received profile update: Vinay Rao (61B261B0-373E-461D-AADE-9C6E53D03D45)
[2026-07-23 17:24:56] CityViewModel.load started for cityID: C1000001-0000-0000-0000-000000000001
[2026-07-23 17:24:56] SupabaseExperienceRepository.fetchCityFeed started for cityID: C1000001-0000-0000-0000-000000000001
[2026-07-23 17:24:56] SupabaseExperienceRepository.fetchCityFeed: resolved cityName: 'San Francisco'
[2026-07-23 17:24:56] SupabaseExperienceRepository.fetchCityFeed: total experiences in table = 7
[2026-07-23 17:24:56] SupabaseExperienceRepository.fetchCityFeed: matched 5 experiences for 'San Francisco'
[2026-07-23 17:24:56] CityViewModel.load completed successfully, phase set to loaded
[2026-07-23 17:25:41] CityViewModel.load started for cityID: C1000004-0000-0000-0000-000000000004
[2026-07-23 17:25:41] SupabaseExperienceRepository.fetchCityFeed started for cityID: C1000004-0000-0000-0000-000000000004
[2026-07-23 17:25:41] SupabaseExperienceRepository.fetchCityFeed: resolved cityName: 'New York'
[2026-07-23 17:25:41] SupabaseExperienceRepository.fetchCityFeed: total experiences in table = 7
[2026-07-23 17:25:41] SupabaseExperienceRepository.fetchCityFeed: matched 1 experiences for 'New York'
[2026-07-23 17:25:41] CityViewModel.load completed successfully, phase set to loaded
[2026-07-23 17:26:02] CityViewModel.load started for cityID: C1000001-0000-0000-0000-000000000001
[2026-07-23 17:26:02] SupabaseExperienceRepository.fetchCityFeed started for cityID: C1000001-0000-0000-0000-000000000001
[2026-07-23 17:26:02] SupabaseExperienceRepository.fetchCityFeed: resolved cityName: 'San Francisco'
[2026-07-23 17:26:02] SupabaseExperienceRepository.fetchCityFeed: total experiences in table = 7
[2026-07-23 17:26:02] SupabaseExperienceRepository.fetchCityFeed: matched 5 experiences for 'San Francisco'
[2026-07-23 17:26:03] CityViewModel.load completed successfully, phase set to loaded
[2026-07-23 17:27:52] CityViewModel.load started for cityID: C1000001-0000-0000-0000-000000000001
[2026-07-23 17:27:52] SupabaseExperienceRepository.fetchCityFeed started for cityID: C1000001-0000-0000-0000-000000000001
[2026-07-23 17:27:52] SupabaseExperienceRepository.fetchCityFeed: resolved cityName: 'San Francisco'
[2026-07-23 17:27:52] SupabaseExperienceRepository.fetchCityFeed: total experiences in table = 7
[2026-07-23 17:27:52] SupabaseExperienceRepository.fetchCityFeed: matched 5 experiences for 'San Francisco'
[2026-07-23 17:27:52] CityViewModel.load completed successfully, phase set to loaded
[2026-07-23 17:28:35] AppEnvironment.observeAuthState: received profile update: Vinay Rao (61B261B0-373E-461D-AADE-9C6E53D03D45)
[2026-07-23 17:29:17] CityViewModel.load started for cityID: C1000001-0000-0000-0000-000000000001
[2026-07-23 17:29:17] SupabaseExperienceRepository.fetchCityFeed started for cityID: C1000001-0000-0000-0000-000000000001
[2026-07-23 17:29:17] SupabaseExperienceRepository.fetchCityFeed: resolved cityName: 'San Francisco'
[2026-07-23 17:29:17] SupabaseExperienceRepository.fetchCityFeed: total experiences in table = 7
[2026-07-23 17:29:17] SupabaseExperienceRepository.fetchCityFeed: matched 5 experiences for 'San Francisco'
[2026-07-23 17:29:18] CityViewModel.load completed successfully, phase set to loaded
[2026-07-23 17:30:10] AppEnvironment.observeAuthState started
[2026-07-23 17:30:11] AppEnvironment.observeAuthState: received profile update: Vinay Rao (61B261B0-373E-461D-AADE-9C6E53D03D45)
[2026-07-23 17:30:23] CityViewModel.load started for cityID: C1000002-0000-0000-0000-000000000002
[2026-07-23 17:30:23] SupabaseExperienceRepository.fetchCityFeed started for cityID: C1000002-0000-0000-0000-000000000002
[2026-07-23 17:30:23] SupabaseExperienceRepository.fetchCityFeed: resolved cityName: 'Tokyo'
[2026-07-23 17:30:23] SupabaseExperienceRepository.fetchCityFeed: total experiences in table = 7
[2026-07-23 17:30:23] SupabaseExperienceRepository.fetchCityFeed: matched 0 experiences for 'Tokyo'
[2026-07-23 17:30:23] CityViewModel.load completed successfully, phase set to loaded
[2026-07-23 18:28:53] AppEnvironment.observeAuthState: received profile update: Vinay Rao (61B261B0-373E-461D-AADE-9C6E53D03D45)
[2026-07-23 19:32:24] AppEnvironment.observeAuthState: received profile update: Vinay Rao (61B261B0-373E-461D-AADE-9C6E53D03D45)
[2026-07-23 20:34:49] AppEnvironment.observeAuthState: received profile update: Vinay Rao (61B261B0-373E-461D-AADE-9C6E53D03D45)
[2026-07-23 21:33:02] AppEnvironment.observeAuthState: received profile update: Vinay Rao (61B261B0-373E-461D-AADE-9C6E53D03D45)
[2026-07-23 22:31:40] AppEnvironment.observeAuthState: received profile update: Vinay Rao (61B261B0-373E-461D-AADE-9C6E53D03D45)
[2026-07-23 23:31:55] AppEnvironment.observeAuthState: received profile update: Vinay Rao (61B261B0-373E-461D-AADE-9C6E53D03D45)
[2026-07-24 00:30:08] AppEnvironment.observeAuthState: received profile update: Vinay Rao (61B261B0-373E-461D-AADE-9C6E53D03D45)
[2026-07-24 01:28:27] AppEnvironment.observeAuthState: received profile update: Vinay Rao (61B261B0-373E-461D-AADE-9C6E53D03D45)
[2026-07-24 02:26:36] AppEnvironment.observeAuthState: received profile update: Vinay Rao (61B261B0-373E-461D-AADE-9C6E53D03D45)
[2026-07-24 03:38:10] AppEnvironment.observeAuthState: received profile update: Vinay Rao (61B261B0-373E-461D-AADE-9C6E53D03D45)
[2026-07-24 04:39:23] AppEnvironment.observeAuthState: received profile update: Vinay Rao (61B261B0-373E-461D-AADE-9C6E53D03D45)
[2026-07-24 05:44:58] AppEnvironment.observeAuthState: received profile update: Vinay Rao (61B261B0-373E-461D-AADE-9C6E53D03D45)
[2026-07-24 06:52:54] AppEnvironment.observeAuthState: received profile update: Vinay Rao (61B261B0-373E-461D-AADE-9C6E53D03D45)
[2026-07-24 08:03:10] AppEnvironment.observeAuthState: received profile update: Vinay Rao (61B261B0-373E-461D-AADE-9C6E53D03D45)
[2026-07-24 09:04:43] AppEnvironment.observeAuthState: received profile update: Vinay Rao (61B261B0-373E-461D-AADE-9C6E53D03D45)
[2026-07-24 10:03:55] AppEnvironment.observeAuthState: received profile update: Vinay Rao (61B261B0-373E-461D-AADE-9C6E53D03D45)
[2026-07-24 11:03:39] AppEnvironment.observeAuthState: received profile update: Vinay Rao (61B261B0-373E-461D-AADE-9C6E53D03D45)
[2026-07-24 12:06:45] AppEnvironment.observeAuthState: received profile update: Vinay Rao (61B261B0-373E-461D-AADE-9C6E53D03D45)
[2026-07-24 13:16:02] AppEnvironment.observeAuthState: received profile update: Vinay Rao (61B261B0-373E-461D-AADE-9C6E53D03D45)
[2026-07-24 14:17:16] AppEnvironment.observeAuthState: received profile update: Vinay Rao (61B261B0-373E-461D-AADE-9C6E53D03D45)
[2026-07-24 15:17:11] AppEnvironment.observeAuthState: received profile update: Vinay Rao (61B261B0-373E-461D-AADE-9C6E53D03D45)
[2026-07-24 16:15:15] AppEnvironment.observeAuthState: received profile update: Vinay Rao (61B261B0-373E-461D-AADE-9C6E53D03D45)
[2026-07-24 17:13:18] AppEnvironment.observeAuthState: received profile update: Vinay Rao (61B261B0-373E-461D-AADE-9C6E53D03D45)
[2026-07-24 18:11:21] AppEnvironment.observeAuthState: received profile update: Vinay Rao (61B261B0-373E-461D-AADE-9C6E53D03D45)
[2026-07-24 19:11:22] AppEnvironment.observeAuthState: received profile update: Vinay Rao (61B261B0-373E-461D-AADE-9C6E53D03D45)
[2026-07-24 20:15:46] AppEnvironment.observeAuthState: received profile update: Vinay Rao (61B261B0-373E-461D-AADE-9C6E53D03D45)
[2026-07-24 21:18:38] AppEnvironment.observeAuthState: received profile update: Vinay Rao (61B261B0-373E-461D-AADE-9C6E53D03D45)
[2026-07-24 22:16:43] AppEnvironment.observeAuthState: received profile update: Vinay Rao (61B261B0-373E-461D-AADE-9C6E53D03D45)
[2026-07-24 23:15:33] AppEnvironment.observeAuthState: received profile update: Vinay Rao (61B261B0-373E-461D-AADE-9C6E53D03D45)
[2026-07-25 00:13:35] AppEnvironment.observeAuthState: received profile update: Vinay Rao (61B261B0-373E-461D-AADE-9C6E53D03D45)
[2026-07-25 01:15:31] AppEnvironment.observeAuthState: received profile update: Vinay Rao (61B261B0-373E-461D-AADE-9C6E53D03D45)
[2026-07-25 02:18:53] AppEnvironment.observeAuthState: received profile update: Vinay Rao (61B261B0-373E-461D-AADE-9C6E53D03D45)
[2026-07-25 03:17:17] AppEnvironment.observeAuthState: received profile update: Vinay Rao (61B261B0-373E-461D-AADE-9C6E53D03D45)
[2026-07-25 04:21:25] AppEnvironment.observeAuthState: received profile update: Vinay Rao (61B261B0-373E-461D-AADE-9C6E53D03D45)
[2026-07-25 05:20:13] AppEnvironment.observeAuthState: received profile update: Vinay Rao (61B261B0-373E-461D-AADE-9C6E53D03D45)
[2026-07-25 06:19:21] AppEnvironment.observeAuthState: received profile update: Vinay Rao (61B261B0-373E-461D-AADE-9C6E53D03D45)
[2026-07-25 07:26:24] AppEnvironment.observeAuthState: received profile update: Vinay Rao (61B261B0-373E-461D-AADE-9C6E53D03D45)
[2026-07-25 08:34:56] AppEnvironment.observeAuthState: received profile update: Vinay Rao (61B261B0-373E-461D-AADE-9C6E53D03D45)
[2026-07-25 09:35:33] AppEnvironment.observeAuthState: received profile update: Vinay Rao (61B261B0-373E-461D-AADE-9C6E53D03D45)
[2026-07-25 10:34:16] AppEnvironment.observeAuthState: received profile update: Vinay Rao (61B261B0-373E-461D-AADE-9C6E53D03D45)
[2026-07-25 11:37:52] AppEnvironment.observeAuthState: received profile update: Vinay Rao (61B261B0-373E-461D-AADE-9C6E53D03D45)
[2026-07-25 12:38:28] AppEnvironment.observeAuthState: received profile update: Vinay Rao (61B261B0-373E-461D-AADE-9C6E53D03D45)
[2026-07-25 13:38:36] AppEnvironment.observeAuthState: received profile update: Vinay Rao (61B261B0-373E-461D-AADE-9C6E53D03D45)
[2026-07-25 14:38:03] AppEnvironment.observeAuthState: received profile update: Vinay Rao (61B261B0-373E-461D-AADE-9C6E53D03D45)
[2026-07-25 15:40:36] AppEnvironment.observeAuthState: received profile update: Vinay Rao (61B261B0-373E-461D-AADE-9C6E53D03D45)
[2026-07-25 16:38:48] AppEnvironment.observeAuthState: received profile update: Vinay Rao (61B261B0-373E-461D-AADE-9C6E53D03D45)
[2026-07-25 16:40:10] AppEnvironment.observeAuthState started
[2026-07-25 16:40:10] AppEnvironment.observeAuthState: received profile update: Vinay Rao (61B261B0-373E-461D-AADE-9C6E53D03D45)
[2026-07-25 16:40:34] CityViewModel.load started for cityID: C1000001-0000-0000-0000-000000000001
[2026-07-25 16:40:34] SupabaseExperienceRepository.fetchCityFeed started for cityID: C1000001-0000-0000-0000-000000000001
[2026-07-25 16:40:34] SupabaseExperienceRepository.fetchCityFeed: resolved cityName: 'San Francisco'
[2026-07-25 16:40:34] SupabaseExperienceRepository.fetchCityFeed: total experiences in table = 7
[2026-07-25 16:40:34] SupabaseExperienceRepository.fetchCityFeed: matched 5 experiences for 'San Francisco'
[2026-07-25 16:40:34] CityViewModel.load completed successfully, phase set to loaded
[2026-07-25 16:50:25] CityViewModel.load started for cityID: C1000001-0000-0000-0000-000000000001
[2026-07-25 16:50:25] SupabaseExperienceRepository.fetchCityFeed started for cityID: C1000001-0000-0000-0000-000000000001
[2026-07-25 16:50:25] SupabaseExperienceRepository.fetchCityFeed: resolved cityName: 'San Francisco'
[2026-07-25 16:50:25] SupabaseExperienceRepository.fetchCityFeed: total experiences in table = 7
[2026-07-25 16:50:25] SupabaseExperienceRepository.fetchCityFeed: matched 5 experiences for 'San Francisco'
[2026-07-25 16:50:26] CityViewModel.load completed successfully, phase set to loaded
[2026-07-25 17:01:06] AppEnvironment.observeAuthState started
[2026-07-25 17:01:06] AppEnvironment.observeAuthState: received profile update: Vinay Rao (61B261B0-373E-461D-AADE-9C6E53D03D45)
[2026-07-25 17:06:16] AppEnvironment.observeAuthState started
[2026-07-25 17:06:16] AppEnvironment.observeAuthState: received profile update: Vinay Rao (61B261B0-373E-461D-AADE-9C6E53D03D45)
[2026-07-25 17:08:00] AppEnvironment.observeAuthState started
[2026-07-25 17:08:00] AppEnvironment.observeAuthState: received profile update: Vinay Rao (61B261B0-373E-461D-AADE-9C6E53D03D45)
[2026-07-25 17:17:45] AppEnvironment.observeAuthState started
[2026-07-25 17:17:45] AppEnvironment.observeAuthState: received profile update: Vinay Rao (61B261B0-373E-461D-AADE-9C6E53D03D45)
[2026-07-25 17:19:57] AppEnvironment.observeAuthState started
[2026-07-25 17:19:57] AppEnvironment.observeAuthState: received profile update: Vinay Rao (61B261B0-373E-461D-AADE-9C6E53D03D45)
[2026-07-25 17:23:53] AppEnvironment.observeAuthState started
[2026-07-25 17:23:53] AppEnvironment.observeAuthState: received profile update: Vinay Rao (61B261B0-373E-461D-AADE-9C6E53D03D45)
[2026-07-25 17:25:49] AppEnvironment.observeAuthState started
[2026-07-25 17:25:50] AppEnvironment.observeAuthState: received profile update: Vinay Rao (61B261B0-373E-461D-AADE-9C6E53D03D45)
[2026-07-25 17:26:45] CityViewModel.load started for cityID: C1000001-0000-0000-0000-000000000001
[2026-07-25 17:26:45] SupabaseExperienceRepository.fetchCityFeed started for cityID: C1000001-0000-0000-0000-000000000001
[2026-07-25 17:26:45] SupabaseExperienceRepository.fetchCityFeed: resolved cityName: 'San Francisco'
[2026-07-25 17:26:45] SupabaseExperienceRepository.fetchCityFeed: total experiences in table = 8
[2026-07-25 17:26:45] SupabaseExperienceRepository.fetchCityFeed: matched 6 experiences for 'San Francisco'
[2026-07-25 17:26:45] CityViewModel.load completed successfully, phase set to loaded
[2026-07-25 17:27:12] CityViewModel.load started for cityID: C1000001-0000-0000-0000-000000000001
[2026-07-25 17:27:12] SupabaseExperienceRepository.fetchCityFeed started for cityID: C1000001-0000-0000-0000-000000000001
[2026-07-25 17:27:12] SupabaseExperienceRepository.fetchCityFeed: resolved cityName: 'San Francisco'
[2026-07-25 17:27:12] SupabaseExperienceRepository.fetchCityFeed: total experiences in table = 8
[2026-07-25 17:27:12] SupabaseExperienceRepository.fetchCityFeed: matched 6 experiences for 'San Francisco'
[2026-07-25 17:27:12] CityViewModel.load completed successfully, phase set to loaded
[2026-07-25 17:30:52] AppEnvironment.observeAuthState started
[2026-07-25 17:30:53] AppEnvironment.observeAuthState: received profile update: Vinay Rao (61B261B0-373E-461D-AADE-9C6E53D03D45)
[2026-07-25 17:31:02] CityViewModel.load started for cityID: C1000001-0000-0000-0000-000000000001
[2026-07-25 17:31:02] SupabaseExperienceRepository.fetchCityFeed started for cityID: C1000001-0000-0000-0000-000000000001
[2026-07-25 17:31:02] SupabaseExperienceRepository.fetchCityFeed: resolved cityName: 'San Francisco'
[2026-07-25 17:31:02] SupabaseExperienceRepository.fetchCityFeed: total experiences in table = 1
[2026-07-25 17:31:02] SupabaseExperienceRepository.fetchCityFeed: matched 1 experiences for 'San Francisco'
[2026-07-25 17:31:02] CityViewModel.load completed successfully, phase set to loaded
[2026-07-25 17:33:10] AppEnvironment.observeAuthState started
[2026-07-25 17:33:10] AppEnvironment.observeAuthState: received profile update: Vinay Rao (61B261B0-373E-461D-AADE-9C6E53D03D45)
[2026-07-25 17:33:45] CityViewModel.load started for cityID: C1000001-0000-0000-0000-000000000001
[2026-07-25 17:33:45] SupabaseExperienceRepository.fetchCityFeed started for cityID: C1000001-0000-0000-0000-000000000001
[2026-07-25 17:33:45] SupabaseExperienceRepository.fetchCityFeed: resolved cityName: 'San Francisco'
[2026-07-25 17:33:45] SupabaseExperienceRepository.fetchCityFeed: total experiences in table = 1
[2026-07-25 17:33:45] SupabaseExperienceRepository.fetchCityFeed: matched 1 experiences for 'San Francisco'
[2026-07-25 17:33:45] CityViewModel.load completed successfully, phase set to loaded
[2026-07-25 17:35:47] AppEnvironment.observeAuthState started
[2026-07-25 17:35:47] AppEnvironment.observeAuthState: received profile update: Vinay Rao (61B261B0-373E-461D-AADE-9C6E53D03D45)
[2026-07-25 17:36:48] AppEnvironment.observeAuthState: received profile update: Vinay Rao (61B261B0-373E-461D-AADE-9C6E53D03D45)
[2026-07-25 17:45:43] AppEnvironment.observeAuthState started
[2026-07-25 17:45:44] AppEnvironment.observeAuthState: received profile update: Vinay Rao (61B261B0-373E-461D-AADE-9C6E53D03D45)
[2026-07-25 18:37:48] AppEnvironment.observeAuthState: received profile update: Vinay Rao (61B261B0-373E-461D-AADE-9C6E53D03D45)
[2026-07-25 19:45:17] AppEnvironment.observeAuthState: received profile update: Vinay Rao (61B261B0-373E-461D-AADE-9C6E53D03D45)
[2026-07-25 20:49:48] AppEnvironment.observeAuthState: received profile update: Vinay Rao (61B261B0-373E-461D-AADE-9C6E53D03D45)
[2026-07-25 21:49:10] AppEnvironment.observeAuthState: received profile update: Vinay Rao (61B261B0-373E-461D-AADE-9C6E53D03D45)
[2026-07-25 22:06:10] AppEnvironment.observeAuthState started
[2026-07-25 22:06:10] AppEnvironment.observeAuthState: received profile update: Vinay Rao (61B261B0-373E-461D-AADE-9C6E53D03D45)
[2026-07-25 22:25:30] AppEnvironment.observeAuthState started
[2026-07-25 22:25:30] AppEnvironment.observeAuthState: received profile update: Vinay Rao (61B261B0-373E-461D-AADE-9C6E53D03D45)
[2026-07-25 22:29:47] AppEnvironment.observeAuthState started
[2026-07-25 22:29:47] AppEnvironment.observeAuthState: received profile update: Vinay Rao (61B261B0-373E-461D-AADE-9C6E53D03D45)
[2026-07-25 22:32:57] AppEnvironment.observeAuthState started
[2026-07-25 22:32:57] AppEnvironment.observeAuthState: received profile update: Vinay Rao (61B261B0-373E-461D-AADE-9C6E53D03D45)
[2026-07-25 22:36:31] AppEnvironment.observeAuthState started
[2026-07-25 22:36:31] AppEnvironment.observeAuthState: received profile update: Vinay Rao (61B261B0-373E-461D-AADE-9C6E53D03D45)
[2026-07-25 22:38:59] AppEnvironment.observeAuthState started
[2026-07-25 22:39:00] AppEnvironment.observeAuthState: received profile update: Vinay Rao (61B261B0-373E-461D-AADE-9C6E53D03D45)
[2026-07-25 22:41:11] AppEnvironment.observeAuthState started
[2026-07-25 22:41:12] AppEnvironment.observeAuthState: received profile update: Vinay Rao (61B261B0-373E-461D-AADE-9C6E53D03D45)
[2026-07-25 22:46:37] AppEnvironment.observeAuthState started
[2026-07-25 22:46:38] AppEnvironment.observeAuthState: received profile update: Vinay Rao (61B261B0-373E-461D-AADE-9C6E53D03D45)
[2026-07-25 22:47:38] AppEnvironment.observeAuthState: received profile update: Vinay Rao (61B261B0-373E-461D-AADE-9C6E53D03D45)
[2026-07-25 22:54:44] AppEnvironment.observeAuthState started
[2026-07-25 22:54:44] AppEnvironment.observeAuthState: received profile update: Vinay Rao (61B261B0-373E-461D-AADE-9C6E53D03D45)
[2026-07-25 23:00:31] AppEnvironment.observeAuthState started
[2026-07-25 23:00:32] AppEnvironment.observeAuthState: received profile update: Vinay Rao (61B261B0-373E-461D-AADE-9C6E53D03D45)
[2026-07-25 23:02:10] AppEnvironment.observeAuthState started
[2026-07-25 23:02:10] AppEnvironment.observeAuthState: received profile update: Vinay Rao (61B261B0-373E-461D-AADE-9C6E53D03D45)
[2026-07-25 23:15:22] AppEnvironment.observeAuthState started
[2026-07-25 23:15:23] AppEnvironment.observeAuthState: received profile update: Vinay Rao (61B261B0-373E-461D-AADE-9C6E53D03D45)
